D:\AP2\SupportingSoftwares\CI-CD\TrainingSampleProject\spring-petclinic\spring-petclinic\src\test\java\org\springframework\samples\petclinic\PetclinicIntegrationTests.java
D:\AP2\SupportingSoftwares\CI-CD\TrainingSampleProject\spring-petclinic\spring-petclinic\src\test\java\org\springframework\samples\petclinic\owner\OwnerControllerTests.java
D:\AP2\SupportingSoftwares\CI-CD\TrainingSampleProject\spring-petclinic\spring-petclinic\src\test\java\org\springframework\samples\petclinic\owner\PetTypeFormatterTests.java
D:\AP2\SupportingSoftwares\CI-CD\TrainingSampleProject\spring-petclinic\spring-petclinic\src\test\java\org\springframework\samples\petclinic\system\CrashControllerTests.java
D:\AP2\SupportingSoftwares\CI-CD\TrainingSampleProject\spring-petclinic\spring-petclinic\src\test\java\org\springframework\samples\petclinic\model\ValidatorTests.java
D:\AP2\SupportingSoftwares\CI-CD\TrainingSampleProject\spring-petclinic\spring-petclinic\src\test\java\org\springframework\samples\petclinic\vet\VetTests.java
D:\AP2\SupportingSoftwares\CI-CD\TrainingSampleProject\spring-petclinic\spring-petclinic\src\test\java\org\springframework\samples\petclinic\owner\VisitControllerTests.java
D:\AP2\SupportingSoftwares\CI-CD\TrainingSampleProject\spring-petclinic\spring-petclinic\src\test\java\org\springframework\samples\petclinic\vet\VetControllerTests.java
D:\AP2\SupportingSoftwares\CI-CD\TrainingSampleProject\spring-petclinic\spring-petclinic\src\test\java\org\springframework\samples\petclinic\owner\PetControllerTests.java
D:\AP2\SupportingSoftwares\CI-CD\TrainingSampleProject\spring-petclinic\spring-petclinic\src\test\java\org\springframework\samples\petclinic\service\ClinicServiceTests.java
D:\AP2\SupportingSoftwares\CI-CD\TrainingSampleProject\spring-petclinic\spring-petclinic\src\test\java\org\springframework\samples\petclinic\service\EntityUtils.java
