D:\AP2\SupportingSoftwares\CI-CD\TrainingSampleProject\spring-petclinic\spring-petclinic\src\main\java\org\springframework\samples\petclinic\owner\VisitController.java
D:\AP2\SupportingSoftwares\CI-CD\TrainingSampleProject\spring-petclinic\spring-petclinic\src\main\java\org\springframework\samples\petclinic\system\CrashController.java
D:\AP2\SupportingSoftwares\CI-CD\TrainingSampleProject\spring-petclinic\spring-petclinic\src\main\java\org\springframework\samples\petclinic\owner\PetRepository.java
D:\AP2\SupportingSoftwares\CI-CD\TrainingSampleProject\spring-petclinic\spring-petclinic\src\main\java\org\springframework\samples\petclinic\owner\PetController.java
D:\AP2\SupportingSoftwares\CI-CD\TrainingSampleProject\spring-petclinic\spring-petclinic\src\main\java\org\springframework\samples\petclinic\owner\PetType.java
D:\AP2\SupportingSoftwares\CI-CD\TrainingSampleProject\spring-petclinic\spring-petclinic\src\main\java\org\springframework\samples\petclinic\system\WelcomeController.java
D:\AP2\SupportingSoftwares\CI-CD\TrainingSampleProject\spring-petclinic\spring-petclinic\src\main\java\org\springframework\samples\petclinic\owner\Pet.java
D:\AP2\SupportingSoftwares\CI-CD\TrainingSampleProject\spring-petclinic\spring-petclinic\src\main\java\org\springframework\samples\petclinic\vet\VetController.java
D:\AP2\SupportingSoftwares\CI-CD\TrainingSampleProject\spring-petclinic\spring-petclinic\src\main\java\org\springframework\samples\petclinic\owner\Owner.java
D:\AP2\SupportingSoftwares\CI-CD\TrainingSampleProject\spring-petclinic\spring-petclinic\src\main\java\org\springframework\samples\petclinic\model\Person.java
D:\AP2\SupportingSoftwares\CI-CD\TrainingSampleProject\spring-petclinic\spring-petclinic\src\main\java\org\springframework\samples\petclinic\visit\Visit.java
D:\AP2\SupportingSoftwares\CI-CD\TrainingSampleProject\spring-petclinic\spring-petclinic\src\main\java\org\springframework\samples\petclinic\owner\OwnerController.java
D:\AP2\SupportingSoftwares\CI-CD\TrainingSampleProject\spring-petclinic\spring-petclinic\src\main\java\org\springframework\samples\petclinic\vet\Vets.java
D:\AP2\SupportingSoftwares\CI-CD\TrainingSampleProject\spring-petclinic\spring-petclinic\src\main\java\org\springframework\samples\petclinic\vet\Vet.java
D:\AP2\SupportingSoftwares\CI-CD\TrainingSampleProject\spring-petclinic\spring-petclinic\src\main\java\org\springframework\samples\petclinic\model\BaseEntity.java
D:\AP2\SupportingSoftwares\CI-CD\TrainingSampleProject\spring-petclinic\spring-petclinic\src\main\java\org\springframework\samples\petclinic\model\NamedEntity.java
D:\AP2\SupportingSoftwares\CI-CD\TrainingSampleProject\spring-petclinic\spring-petclinic\src\main\java\org\springframework\samples\petclinic\owner\OwnerRepository.java
D:\AP2\SupportingSoftwares\CI-CD\TrainingSampleProject\spring-petclinic\spring-petclinic\src\main\java\org\springframework\samples\petclinic\owner\PetValidator.java
D:\AP2\SupportingSoftwares\CI-CD\TrainingSampleProject\spring-petclinic\spring-petclinic\src\main\java\org\springframework\samples\petclinic\vet\Specialty.java
D:\AP2\SupportingSoftwares\CI-CD\TrainingSampleProject\spring-petclinic\spring-petclinic\src\main\java\org\springframework\samples\petclinic\PetClinicApplication.java
D:\AP2\SupportingSoftwares\CI-CD\TrainingSampleProject\spring-petclinic\spring-petclinic\src\main\java\org\springframework\samples\petclinic\owner\PetTypeFormatter.java
D:\AP2\SupportingSoftwares\CI-CD\TrainingSampleProject\spring-petclinic\spring-petclinic\src\main\java\org\springframework\samples\petclinic\model\package-info.java
D:\AP2\SupportingSoftwares\CI-CD\TrainingSampleProject\spring-petclinic\spring-petclinic\src\main\java\org\springframework\samples\petclinic\vet\VetRepository.java
D:\AP2\SupportingSoftwares\CI-CD\TrainingSampleProject\spring-petclinic\spring-petclinic\src\main\java\org\springframework\samples\petclinic\system\CacheConfiguration.java
D:\AP2\SupportingSoftwares\CI-CD\TrainingSampleProject\spring-petclinic\spring-petclinic\src\main\java\org\springframework\samples\petclinic\visit\VisitRepository.java
